// Vitest Snapshot v1, https://vitest.dev/guide/snapshot.html

exports[`Menu > ssr 1`] = `
<div
  className="sc-bcPKhP geetHI"
>
  <div>
    content
  </div>
</div>
`;
