// Jest Snapshot v1, https://goo.gl/fbAQLP

exports[`Menu ssr 1`] = `
<div
  background="#fff"
  className="Menu__Container-sc-mw2r80-0 hMKqmI"
  duration="500ms"
  isOpen={true}
  position="right"
  width="300px"
>
  <div>
    content
  </div>
</div>
`;
